Microsoft Windows [version 10.0.22621.2861]
(c) Microsoft Corporation. Tous droits réservés.

C:\Users\augus>git --version
git version 2.42.0.windows.2

C:\Users\augus>cd "C:\Users\augus\Documents\Travail\4 - Hénallux\BAC 1\INTRODUCTION À L'ENTREPRISE NUMÉRIQUE\Projet final"

C:\Users\augus\Documents\Travail\4 - Hénallux\BAC 1\INTRODUCTION À L'ENTREPRISE NUMÉRIQUE\Projet final>git init
Initialized empty Git repository in C:/Users/augus/Documents/Travail/4 - Hénallux/BAC 1/INTRODUCTION À L'ENTREPRISE NUMÉRIQUE/Projet final/.git/

C:\Users\augus\Documents\Travail\4 - Hénallux\BAC 1\INTRODUCTION À L'ENTREPRISE NUMÉRIQUE\Projet final>git status
	On branch master
	No commits yet
	Untracked files:
	   (use "git add <file>..." to include in what will be committed)
		Portfolio 1.txt
		consignes.pdf
		projet final.pptx
	 	template fichier HTML projet.html
		template fichier HTML projet.txt
	nothing added to commit but untracked files present (use "git add" to track)

C:\Users\augus\Documents\Travail\4 - Hénallux\BAC 1\INTRODUCTION À L'ENTREPRISE NUMÉRIQUE\Projet final>git add .

C:\Users\augus\Documents\Travail\4 - Hénallux\BAC 1\INTRODUCTION À L'ENTREPRISE NUMÉRIQUE\Projet final>git status
	On branch master
	No commits yet
	Changes to be committed:
	  (use "git rm --cached <file>..." to unstage)
		new file:   Portfolio 1.txt
		new file:   consignes.pdf
		new file:   projet final.pptx
		new file:   template fichier HTML projet.html
		new file:   template fichier HTML projet.txt

C:\Users\augus\Documents\Travail\4 - Hénallux\BAC 1\INTRODUCTION À L'ENTREPRISE NUMÉRIQUE\Projet final>git commit -m "first commit"
	[master (root-commit) fffef69] first commit
	 5 files changed, 41 insertions(+)
	 create mode 100644 Portfolio 1.txt
	 create mode 100644 consignes.pdf
	 create mode 100644 projet final.pptx
	 create mode 100644 template fichier HTML projet.html
	 create mode 100644 template fichier HTML projet.txt

C:\Users\augus\Documents\Travail\4 - Hénallux\BAC 1\INTRODUCTION À L'ENTREPRISE NUMÉRIQUE\Projet final>git status
	On branch master
	nothing to commit, working tree clean

C:\Users\augus\Documents\Travail\4 - Hénallux\BAC 1\INTRODUCTION À L'ENTREPRISE NUMÉRIQUE\Projet final>git remote add origin https://github.com/Dustufio/ProjetEntrepriseNum.git

C:\Users\augus\Documents\Travail\4 - Hénallux\BAC 1\INTRODUCTION À L'ENTREPRISE NUMÉRIQUE\Projet final>git push -u origin main
	error: src refspec main does not match any
	error: failed to push some refs to 'https://github.com/Dustufio/ProjetEntrepriseNum.git'

C:\Users\augus\Documents\Travail\4 - Hénallux\BAC 1\INTRODUCTION À L'ENTREPRISE NUMÉRIQUE\Projet final>git config --global user.name "Dustufio"

C:\Users\augus\Documents\Travail\4 - Hénallux\BAC 1\INTRODUCTION À L'ENTREPRISE NUMÉRIQUE\Projet final>git config --global user.email "augustin.dustuf@gmail.com"

C:\Users\augus\Documents\Travail\4 - Hénallux\BAC 1\INTRODUCTION À L'ENTREPRISE NUMÉRIQUE\Projet final>git push -u origin master

C:\Users\augus\Documents\Travail\4 - Hénallux\BAC 1\INTRODUCTION À L'ENTREPRISE NUMÉRIQUE\Projet final>git push -u origin master
	info: please complete authentication in your browser...
	Enumerating objects: 6, done.
	Counting objects: 100% (6/6), done.
	Delta compression using up to 12 threads
	Compressing objects: 100% (6/6), done.
	Writing objects: 100% (6/6), 1.54 MiB | 213.00 KiB/s, done.
	Total 6 (delta 0), reused 0 (delta 0), pack-reused 0
	remote:
	remote: Create a pull request for 'master' on GitHub by visiting:
	remote:      https://github.com/Dustufio/ProjetEntrepriseNum/pull/new/master
	remote:
	To https://github.com/Dustufio/ProjetEntrepriseNum.git
	 * [new branch]      master -> master
	branch 'master' set up to track 'origin/master'.

C:\Users\augus\Documents\Travail\4 - Hénallux\BAC 1\INTRODUCTION À L'ENTREPRISE NUMÉRIQUE\Projet final>git push -u origin master